1175 runs, 28 cells; stage A scored 1174
stage B: 840 ordered comparisons

stage A within-cell Spearman: median +0.818, range +0.061..+0.946 over 28 cells
  its absolute accuracy guess is off by 0.062 on average (n=1174) -- ranking is the usable part, not calibration

=== full cell: 28 sets, median size 44, median spread 0.655 ===
           arm  regret@3           95% CI  solved@3  regret@1
        random    0.1307 [0.0903,0.1756]     0.0%    0.2640
   agent table    0.0248 [0.0097,0.0447]    50.0%    0.0490
   21 features    0.0242 [0.0134,0.0359]    50.0%    0.0678
   self-report    0.1019 [0.0516,0.1629]    21.4%    0.1663
       stage A    0.0209 [0.0120,0.0305]    42.9%    0.0574
     stage A+B    0.0137 [0.0061,0.0227]    60.7%    0.0225
  stage-B pair coverage of each set's own shortlist: 100.0%

  paired vs the arm above it (28 sets, bootstrap over sets + sign test on non-ties)
     agent table - random        -0.1059 [-0.1446,-0.0712]   25-3  p=2.74e-05
     21 features - agent table   -0.0006 [-0.0139,+0.0139]   9-6  p=0.607
     self-report - 21 features   +0.0777 [+0.0268,+0.1421]   6-18  p=0.0227
         stage A - self-report   -0.0810 [-0.1417,-0.0309]   19-4  p=0.0026
       stage A+B - stage A       -0.0072 [-0.0139,-0.0022]   8-0  p=0.00781
  and against agent table:
          random - agent table   +0.1059 [+0.0707,+0.1461]   3-25  p=2.74e-05
     21 features - agent table   -0.0006 [-0.0152,+0.0134]   9-6  p=0.607
     self-report - agent table   +0.0772 [+0.0300,+0.1348]   3-15  p=0.00754
         stage A - agent table   -0.0038 [-0.0206,+0.0095]   7-7  p=1
       stage A+B - agent table   -0.0110 [-0.0267,+0.0019]   8-3  p=0.227
  and against random:
     agent table - random        -0.1059 [-0.1452,-0.0713]   25-3  p=2.74e-05
     21 features - random        -0.1065 [-0.1492,-0.0689]   27-1  p=2.16e-07
     self-report - random        -0.0288 [-0.0646,+0.0072]   19-9  p=0.0872
         stage A - random        -0.1097 [-0.1553,-0.0697]   27-1  p=2.16e-07
       stage A+B - random        -0.1169 [-0.1633,-0.0778]   27-1  p=2.16e-07

=== within family: 76 sets, median size 5, median spread 0.129 ===
           arm  regret@3           95% CI  solved@3  regret@1
        random    0.0271 [0.0179,0.0404]     6.6%    0.1015
   agent table    0.0546 [0.0257,0.0935]    53.9%    0.1255
   21 features    0.0197 [0.0115,0.0291]    71.1%    0.0630
   self-report    0.0092 [0.0040,0.0155]    78.9%    0.0635
       stage A    0.0047 [0.0016,0.0085]    88.2%    0.0291
     stage A+B    0.0047 [0.0016,0.0086]    88.2%    0.0280
  stage-B pair coverage of each set's own shortlist: 1.0%

  paired vs the arm above it (76 sets, bootstrap over sets + sign test on non-ties)
     agent table - random        +0.0275 [+0.0061,+0.0563]   40-31  p=0.342
     21 features - agent table   -0.0349 [-0.0768,-0.0038]   24-13  p=0.0989
     self-report - 21 features   -0.0105 [-0.0209,-0.0012]   19-11  p=0.2
         stage A - self-report   -0.0045 [-0.0111,+0.0012]   14-8  p=0.286
       stage A+B - stage A       -0.0000 [-0.0000,-0.0000]   0-0  p=1
  and against agent table:
          random - agent table   -0.0275 [-0.0557,-0.0062]   31-40  p=0.342
     21 features - agent table   -0.0349 [-0.0750,-0.0040]   24-13  p=0.0989
     self-report - agent table   -0.0454 [-0.0851,-0.0158]   30-11  p=0.00432
         stage A - agent table   -0.0499 [-0.0879,-0.0201]   33-6  p=1.43e-05
       stage A+B - agent table   -0.0499 [-0.0900,-0.0199]   33-6  p=1.43e-05
  and against random:
     agent table - random        +0.0275 [+0.0059,+0.0566]   40-31  p=0.342
     21 features - random        -0.0074 [-0.0229,+0.0056]   49-22  p=0.00182
     self-report - random        -0.0179 [-0.0318,-0.0069]   59-12  p=1.35e-08
         stage A - random        -0.0224 [-0.0360,-0.0122]   62-9  p=7.34e-11
       stage A+B - random        -0.0224 [-0.0357,-0.0121]   62-9  p=7.34e-11

=== the same question with the winner's family made ambiguous ===
    (full cells, restricted to the runs whose family also produced a below-median run in that cell)
    24 cells qualify
           arm  regret@3   solved
        random    0.0820    0.0%
   agent table    0.0263   45.8%
   21 features    0.0343   50.0%
   self-report    0.0557   29.2%
       stage A    0.0191   66.7%

=== leak control: the regex re-run on the text stage A actually saw ===
  runs with a quotable score: 1003/1175 raw, 289 after redaction
  full cell (28 sets)
     self-report, raw text  0.1019
     self-report, redacted  0.0627
        stage A (redacted)  0.0209
                    random  0.1307
  within family (76 sets)
     self-report, raw text  0.0092
     self-report, redacted  0.0519
        stage A (redacted)  0.0047
                    random  0.0271

=== every cell, full-cell population ===
             benchmark                 base model    n   best  spread   table       A     A+B
                  bfcl         Qwen_Qwen3-4B-Base   28  0.980   0.980  0.0000  0.0000  0.0000
                  bfcl HuggingFaceTB_SmolLM3-3B-B   30  0.980   0.980  0.0000  0.0200  0.0000
                  bfcl       Qwen_Qwen3-1.7B-Base   29  0.960   0.960  0.0000  0.0100  0.0000
      arenahardwriting         Qwen_Qwen3-4B-Base   45  0.862   0.861  0.0000  0.0000  0.0000
                  bfcl       google_gemma-3-4b-pt   29  0.950   0.860  0.0000  0.0000  0.0000
                 gsm8k         Qwen_Qwen3-4B-Base   47  0.912   0.836  0.0053  0.0053  0.0053
                 gsm8k       Qwen_Qwen3-1.7B-Base   47  0.864   0.821  0.0000  0.0000  0.0000
      arenahardwriting       google_gemma-3-4b-pt   44  0.788   0.778  0.2057  0.0944  0.0944
      arenahardwriting       Qwen_Qwen3-1.7B-Base   43  0.757   0.757  0.0273  0.0273  0.0273
                 gsm8k HuggingFaceTB_SmolLM3-3B-B   49  0.861   0.757  0.0091  0.0000  0.0000
             humaneval         Qwen_Qwen3-4B-Base   43  0.854   0.744  0.0122  0.0610  0.0366
                 gsm8k       google_gemma-3-4b-pt   50  0.773   0.743  0.0000  0.0546  0.0546
      arenahardwriting HuggingFaceTB_SmolLM3-3B-B   47  0.740   0.738  0.1492  0.0000  0.0000
             humaneval       Qwen_Qwen3-1.7B-Base   44  0.707   0.707  0.0305  0.0061  0.0061
             humaneval HuggingFaceTB_SmolLM3-3B-B   41  0.659   0.604  0.0000  0.0000  0.0000
           healthbench         Qwen_Qwen3-4B-Base   37  0.567   0.567  0.0000  0.0000  0.0000
             humaneval       google_gemma-3-4b-pt   44  0.561   0.530  0.0122  0.0244  0.0000
           healthbench HuggingFaceTB_SmolLM3-3B-B   35  0.459   0.459  0.0000  0.0000  0.0000
           healthbench       Qwen_Qwen3-1.7B-Base   37  0.381   0.381  0.0144  0.0361  0.0334
           healthbench       google_gemma-3-4b-pt   41  0.478   0.360  0.0000  0.0000  0.0000
              gpqamain HuggingFaceTB_SmolLM3-3B-B   40  0.342   0.342  0.0379  0.0290  0.0290
              gpqamain         Qwen_Qwen3-4B-Base   39  0.397   0.335  0.0670  0.0446  0.0000
              aime2025         Qwen_Qwen3-4B-Base   48  0.300   0.300  0.0000  0.0667  0.0000
              gpqamain       google_gemma-3-4b-pt   45  0.321   0.205  0.0335  0.0335  0.0335
              aime2025 HuggingFaceTB_SmolLM3-3B-B   47  0.200   0.200  0.0000  0.0000  0.0000
              gpqamain       Qwen_Qwen3-1.7B-Base   44  0.339   0.194  0.0558  0.0402  0.0312
              aime2025       Qwen_Qwen3-1.7B-Base   50  0.100   0.100  0.0000  0.0000  0.0000
              aime2025       google_gemma-3-4b-pt   52  0.033   0.033  0.0333  0.0333  0.0333
  1 cells have a spread below 0.10 -- there is almost nothing to win or lose in them; excluding them, stage A+B is 0.0130 and the agent table is 0.0244
